------------------------------------------------------------
Timing Analyzer Summary
------------------------------------------------------------

Type  : Setup 'ARCLK'
Slack : -99.000
TNS   : -99.000

Type  : Setup 'DRCLK'
Slack : -99.000
TNS   : -99.000

Type  : Setup 'PHI2'
Slack : -20.679
TNS   : -213.940

Type  : Setup 'RCLK'
Slack : -20.375
TNS   : -594.272

Type  : Setup 'nCRAS'
Slack : -5.508
TNS   : -18.066

Type  : Hold 'DRCLK'
Slack : -15.989
TNS   : -15.989

Type  : Hold 'ARCLK'
Slack : -14.590
TNS   : -14.590

Type  : Hold 'PHI2'
Slack : -2.710
TNS   : -3.324

Type  : Hold 'nCRAS'
Slack : -0.704
TNS   : -2.798

Type  : Hold 'RCLK'
Slack : -0.603
TNS   : -0.801

Type  : Minimum Pulse Width 'ARCLK'
Slack : -29.500
TNS   : -59.000

Type  : Minimum Pulse Width 'DRCLK'
Slack : -29.500
TNS   : -59.000

Type  : Minimum Pulse Width 'PHI2'
Slack : -2.289
TNS   : -2.289

Type  : Minimum Pulse Width 'RCLK'
Slack : -2.289
TNS   : -2.289

Type  : Minimum Pulse Width 'nCCAS'
Slack : -2.289
TNS   : -2.289

Type  : Minimum Pulse Width 'nCRAS'
Slack : -2.289
TNS   : -2.289

------------------------------------------------------------
