
Copyright (C) 1994-2018 Synopsys, Inc.
This Synopsys software and all associated documentation are proprietary to Synopsys, Inc.
and may only be used pursuant to the terms and conditions of a written license agreement
with Synopsys, Inc. All other use, reproduction, modification, or distribution of the
Synopsys software or the associated documentation is strictly prohibited.
Tool: Synplify Pro (R)
Build: N-2018.03L-SP1-1
Install: C:\lscc\diamond\3.11_x64\synpbase
OS: Windows 6.2

Hostname: ZANEMACWIN11

Implementation : impl1

# Written on Sun Jul 14 22:31:10 2024

##### FILES SYNTAX CHECKED ##############################################
Constraint File(s):      "\\Mac\iCloud\Repos\RAM2GS\CPLD\RAM2GS.sdc"

#Run constraint checker to find more issues with constraints.
#########################################################################



No issues found in constraint syntax.



Clock Summary
*************

          Start                         Requested     Requested     Clock        Clock                   Clock
Level     Clock                         Frequency     Period        Type         Group                   Load 
--------------------------------------------------------------------------------------------------------------
0 -       PHI2                          2.9 MHz       350.000       declared     default_clkgroup        20   
                                                                                                              
0 -       nCRAS                         2.9 MHz       350.000       declared     default_clkgroup        15   
                                                                                                              
0 -       nCCAS                         2.9 MHz       350.000       declared     default_clkgroup        10   
                                                                                                              
0 -       RCLK                          62.5 MHz      16.000        declared     default_clkgroup        0    
                                                                                                              
0 -       System                        100.0 MHz     10.000        system       system_clkgroup         0    
                                                                                                              
0 -       RPLL|CLKOP_inferred_clock     100.0 MHz     10.000        inferred     Inferred_clkgroup_0     65   
==============================================================================================================


Clock Load Summary
******************

                              Clock     Source                            Clock Pin       Non-clock Pin     Non-clock Pin     
Clock                         Load      Pin                               Seq Example     Seq Example       Comb Example      
------------------------------------------------------------------------------------------------------------------------------
PHI2                          20        PHI2(port)                        Bank[7:0].C     PHI2r.D[0]        un1_PHI2.I[0](inv)
                                                                                                                              
nCRAS                         15        nCRAS(port)                       CBR.C           RASr.D[0]         RASr_2.I[0](inv)  
                                                                                                                              
nCCAS                         10        nCCAS(port)                       WRD[7:0].C      CASr.D[0]         CASr_2.I[0](inv)  
                                                                                                                              
RCLK                          0         RCLK(port)                        -               -                 -                 
                                                                                                                              
System                        0         -                                 -               -                 -                 
                                                                                                                              
RPLL|CLKOP_inferred_clock     65        rpll.PLLInst_0.CLKOP(EHXPLLJ)     CASr2.C         -                 -                 
==============================================================================================================================
