
Copyright (C) 1994-2018 Synopsys, Inc.
This Synopsys software and all associated documentation are proprietary to Synopsys, Inc.
and may only be used pursuant to the terms and conditions of a written license agreement
with Synopsys, Inc. All other use, reproduction, modification, or distribution of the
Synopsys software or the associated documentation is strictly prohibited.
Tool: Synplify Pro (R)
Build: N-2018.03L-SP1-1
Install: C:\lscc\diamond\3.11_x64\synpbase
OS: Windows 6.2

Hostname: ZANEMACWIN11

Implementation : impl1

# Written on Sun Jul 14 22:31:10 2024

##### DESIGN INFO #######################################################

Top View:                "RAM2GS"
Constraint File(s):      "\\Mac\iCloud\Repos\RAM2GS\CPLD\RAM2GS.sdc"




##### SUMMARY ############################################################

Found 0 issues in 0 out of 4 constraints


##### DETAILS ############################################################



Clock Relationships
*******************

Starting                      Ending                        |     rise to rise     |     fall to fall     |     rise to fall     |     fall to rise                     
-----------------------------------------------------------------------------------------------------------------------------------------------------------------------
System                        System                        |     10.000           |     No paths         |     No paths         |     No paths                         
System                        RPLL|CLKOP_inferred_clock     |     10.000           |     No paths         |     No paths         |     No paths                         
PHI2                          PHI2                          |     No paths         |     350.000          |     175.000          |     175.000                          
PHI2                          RPLL|CLKOP_inferred_clock     |     No paths         |     No paths         |     No paths         |     Diff grp                         
nCRAS                         RPLL|CLKOP_inferred_clock     |     No paths         |     No paths         |     No paths         |     Diff grp                         
RPLL|CLKOP_inferred_clock     System                        |     10.000           |     No paths         |     No paths         |     No paths                         
RPLL|CLKOP_inferred_clock     PHI2                          |     Diff grp         |     No paths         |     Diff grp         |     No paths                         
RPLL|CLKOP_inferred_clock     nCRAS                         |     No paths         |     No paths         |     Diff grp         |     No paths                         
RPLL|CLKOP_inferred_clock     RPLL|CLKOP_inferred_clock     |     10.000           |     No paths         |     No paths         |     No paths                         
=======================================================================================================================================================================
 Note: 'No paths' indicates there are no paths in the design for that pair of clock edges.
       'Diff grp' indicates that paths exist but the starting clock and ending clock are in different clock groups.


Unconstrained Start/End Points
******************************

p:CROW[0]
p:CROW[1]
p:Din[0]
p:Din[1]
p:Din[2]
p:Din[3]
p:Din[4]
p:Din[5]
p:Din[6]
p:Din[7]
p:Dout[0]
p:Dout[1]
p:Dout[2]
p:Dout[3]
p:Dout[4]
p:Dout[5]
p:Dout[6]
p:Dout[7]
p:MAin[0]
p:MAin[1]
p:MAin[2]
p:MAin[3]
p:MAin[4]
p:MAin[5]
p:MAin[6]
p:MAin[7]
p:MAin[8]
p:MAin[9]
p:RA[0]
p:RA[1]
p:RA[2]
p:RA[3]
p:RA[4]
p:RA[5]
p:RA[6]
p:RA[7]
p:RA[8]
p:RA[9]
p:RA[10]
p:RA[11]
p:RBA[0]
p:RBA[1]
p:RCKE
p:RCLKout
p:RDQMH
p:RDQML
p:RD[0] (bidir end point)
p:RD[0] (bidir start point)
p:RD[1] (bidir end point)
p:RD[1] (bidir start point)
p:RD[2] (bidir end point)
p:RD[2] (bidir start point)
p:RD[3] (bidir end point)
p:RD[3] (bidir start point)
p:RD[4] (bidir end point)
p:RD[4] (bidir start point)
p:RD[5] (bidir end point)
p:RD[5] (bidir start point)
p:RD[6] (bidir end point)
p:RD[6] (bidir start point)
p:RD[7] (bidir end point)
p:RD[7] (bidir start point)
p:nFWE
p:nRCAS
p:nRCS
p:nRRAS
p:nRWE


Inapplicable constraints
************************

(none)


Applicable constraints with issues
**********************************

(none)


Constraints with matching wildcard expressions
**********************************************

(none)


Library Report
**************


# End of Constraint Checker Report
