------------------------------------------------------------
Timing Analyzer Summary
------------------------------------------------------------

Type  : Setup 'ARCLK'
Slack : -99.000
TNS   : -99.000

Type  : Setup 'DRCLK'
Slack : -99.000
TNS   : -99.000

Type  : Setup 'PHI2'
Slack : -9.193
TNS   : -97.128

Type  : Setup 'RCLK'
Slack : -8.818
TNS   : -246.083

Type  : Setup 'nCRAS'
Slack : -1.245
TNS   : -5.591

Type  : Hold 'DRCLK'
Slack : -16.888
TNS   : -16.888

Type  : Hold 'ARCLK'
Slack : -16.289
TNS   : -16.289

Type  : Hold 'PHI2'
Slack : -0.679
TNS   : -2.377

Type  : Hold 'nCRAS'
Slack : -0.104
TNS   : -0.104

Type  : Hold 'RCLK'
Slack : 1.157
TNS   : 0.000

Type  : Minimum Pulse Width 'ARCLK'
Slack : -29.500
TNS   : -59.000

Type  : Minimum Pulse Width 'DRCLK'
Slack : -29.500
TNS   : -59.000

Type  : Minimum Pulse Width 'PHI2'
Slack : -2.289
TNS   : -2.289

Type  : Minimum Pulse Width 'RCLK'
Slack : -2.289
TNS   : -2.289

Type  : Minimum Pulse Width 'nCCAS'
Slack : -2.289
TNS   : -2.289

Type  : Minimum Pulse Width 'nCRAS'
Slack : -2.289
TNS   : -2.289

------------------------------------------------------------
