------------------------------------------------------------
Timing Analyzer Summary
------------------------------------------------------------

Type  : Setup 'ARCLK'
Slack : -99.000
TNS   : -99.000

Type  : Setup 'DRCLK'
Slack : -99.000
TNS   : -99.000

Type  : Setup 'PHI2'
Slack : -8.970
TNS   : -99.540

Type  : Setup 'RCLK'
Slack : -7.571
TNS   : -261.130

Type  : Setup 'nCRAS'
Slack : -1.200
TNS   : -7.385

Type  : Hold 'ARCLK'
Slack : -16.289
TNS   : -16.289

Type  : Hold 'DRCLK'
Slack : -16.286
TNS   : -16.286

Type  : Hold 'PHI2'
Slack : -1.153
TNS   : -1.956

Type  : Hold 'nCRAS'
Slack : 0.098
TNS   : 0.000

Type  : Hold 'RCLK'
Slack : 1.148
TNS   : 0.000

Type  : Minimum Pulse Width 'ARCLK'
Slack : -29.500
TNS   : -59.000

Type  : Minimum Pulse Width 'DRCLK'
Slack : -29.500
TNS   : -59.000

Type  : Minimum Pulse Width 'PHI2'
Slack : -2.289
TNS   : -2.289

Type  : Minimum Pulse Width 'RCLK'
Slack : -2.289
TNS   : -2.289

Type  : Minimum Pulse Width 'nCCAS'
Slack : -2.289
TNS   : -2.289

Type  : Minimum Pulse Width 'nCRAS'
Slack : -2.289
TNS   : -2.289

------------------------------------------------------------
