

@S |Clock Optimization Summary



#### START OF PREMAP CLOCK OPTIMIZATION REPORT #####[

4 non-gated/non-generated clock tree(s) driving 105 clock pin(s) of sequential element(s)
0 gated/generated clock tree(s) driving 0 clock pin(s) of sequential element(s)
0 instances converted, 0 sequential instances remain driven by gated/generated clocks

=========================== Non-Gated/Non-Generated Clocks ============================
Clock Tree ID     Driving Element     Drive Element Type     Fanout     Sample Instance
---------------------------------------------------------------------------------------
@KP:ckid0_0       RCLK                port                   65         nRWE           
@KP:ckid0_1       PHI2                port                   18         RA11           
@KP:ckid0_2       nCCAS               port                   8          WRD[7:0]       
@KP:ckid0_3       nCRAS               port                   14         RowA[9:0]      
=======================================================================================


##### END OF CLOCK OPTIMIZATION REPORT ######

